import `text_indentation`

>>> text_indentation = __import__('5-text_indentation').text_indentation

>>> text_indentation()
Traceback (most recent call last):
TypeError: text_indentation() missing 1 required positional argument: 'text'

>>> text_indentation("Two Projects First Second")
Two

Projects

First

Second

>>> text_indentation(27)
Traceback (most recent call last):
TypeError: text must be a string

>>> text_indentation("\n")